[03:29:32.170] [Logging] Server log initialized at 'C:\Users\Hanazono Archive\Desktop\Yogurting Game\server_modern\logs\server_20260903_032932.log'
[03:29:32.200] [Server] [Config] Loaded configuration from 'C:\Users\Hanazono Archive\Desktop\Yogurting Game\server_modern\config\server.json'
[03:29:32.445] [Server] [MapGridManager] Successfully loaded 376 map collision grids from map.db.
[03:29:32.446] [Server] [MapGridManager] Linked 377 fields to active collision grids.
[03:29:32.712] [Server] [PacketDispatcher] Failed to bind handler for MsgGameEquipTitleReq on EquipmentHandlers.HandleEquipTitleAsync: Cannot bind to the target method because its signature is not compatible with that of the delegate type.
[03:29:32.713] [Server] [PacketDispatcher] Failed to bind handler for MsgGameStripTitleReq on EquipmentHandlers.HandleStripTitleAsync: Cannot bind to the target method because its signature is not compatible with that of the delegate type.
[03:29:32.715] [Server] [PacketDispatcher] Failed to bind handler for MsgGameTradeReq on TradeHandlers.HandleTradeReqAsync: Cannot bind to the target method because its signature is not compatible with that of the delegate type.
[03:29:32.715] [Server] [PacketDispatcher] Failed to bind handler for MsgGameTradeResponseAns on TradeHandlers.HandleTradeResponseAnsAsync: Cannot bind to the target method because its signature is not compatible with that of the delegate type.
[03:29:32.715] [Server] [PacketDispatcher] Failed to bind handler for MsgGameTradeBasketUpdateReq on TradeHandlers.HandleTradeBasketUpdateAsync: Cannot bind to the target method because its signature is not compatible with that of the delegate type.
[03:29:32.716] [Server] [PacketDispatcher] Failed to bind handler for MsgGameTradeCancelReq on TradeHandlers.HandleTradeCancelAsync: Cannot bind to the target method because its signature is not compatible with that of the delegate type.
[03:29:32.717] [Server] [PacketDispatcher] Failed to bind handler for MsgGameTradeOkReq on TradeHandlers.HandleTradeOkAsync: Cannot bind to the target method because its signature is not compatible with that of the delegate type.
[03:29:32.717] [Server] [PacketDispatcher] Failed to bind handler for MsgGameInventoryMoveReq on TradeHandlers.HandleTradeFinalConfirmAsync: Cannot bind to the target method because its signature is not compatible with that of the delegate type.
[03:29:32.718] [Server] [PacketDispatcher] Failed to bind handler for MsgGameLockerOpenReq on StorageAndRefinementHandlers.HandleLockerOpenReqAsync: Cannot bind to the target method because its signature is not compatible with that of the delegate type.
[03:29:32.718] [Server] [PacketDispatcher] Failed to bind handler for MsgGameReinforceItemReq on StorageAndRefinementHandlers.HandleReinforceItemReqAsync: Cannot bind to the target method because its signature is not compatible with that of the delegate type.
[03:29:32.720] [Server] [PacketDispatcher] Failed to bind handler for MsgGameEnchantCrystalReq on StorageAndRefinementHandlers.HandleEnchantCrystalReqAsync: Cannot bind to the target method because its signature is not compatible with that of the delegate type.
[03:29:32.721] [Server] [PacketDispatcher] Failed to bind handler for MsgGameCrystallizeReq on StorageAndRefinementHandlers.HandleCrystallizeReqAsync: Cannot bind to the target method because its signature is not compatible with that of the delegate type.
[03:29:32.722] [Server] [PacketDispatcher] Failed to bind handler for MsgGameRevival119Req on StorageAndRefinementHandlers.HandleRevival119ReqAsync: Cannot bind to the target method because its signature is not compatible with that of the delegate type.
[03:29:32.722] [Server] [PacketDispatcher] Failed to bind handler for MsgGameRevivalSchoolReq on StorageAndRefinementHandlers.HandleRevivalSchoolReqAsync: Cannot bind to the target method because its signature is not compatible with that of the delegate type.
[03:29:32.723] [Server] [PacketDispatcher] Failed to bind handler for MsgLobbyEnterReq on LobbyAndEpisodeRoomHandlers.HandleLobbyEnterReqAsync: Cannot bind to the target method because its signature is not compatible with that of the delegate type.
[03:29:32.724] [Server] [PacketDispatcher] Failed to bind handler for MsgLobbyRoomListReq on LobbyAndEpisodeRoomHandlers.HandleLobbyRoomListReqAsync: Cannot bind to the target method because its signature is not compatible with that of the delegate type.
[03:29:32.724] [Server] [PacketDispatcher] Failed to bind handler for MsgLobbyCreateRoomReq on LobbyAndEpisodeRoomHandlers.HandleLobbyCreateRoomReqAsync: Cannot bind to the target method because its signature is not compatible with that of the delegate type.
[03:29:32.725] [Server] [PacketDispatcher] Failed to bind handler for MsgLobbyJoinRoomReq on LobbyAndEpisodeRoomHandlers.HandleLobbyJoinRoomReqAsync: Cannot bind to the target method because its signature is not compatible with that of the delegate type.
[03:29:32.725] [Server] [PacketDispatcher] Failed to bind handler for MsgWaitRoomInfoReq on LobbyAndEpisodeRoomHandlers.HandleWaitRoomInfoReqAsync: Cannot bind to the target method because its signature is not compatible with that of the delegate type.
[03:29:32.725] [Server] [PacketDispatcher] Failed to bind handler for MsgWaitRoomReadyStartReq on LobbyAndEpisodeRoomHandlers.HandleWaitRoomReadyStartReqAsync: Cannot bind to the target method because its signature is not compatible with that of the delegate type.
[03:29:32.726] [Server] [PacketDispatcher] Failed to bind handler for MsgGameCapsuleEnterNtf on CapsuleAndInteractionHandlers.HandleCapsuleEnterNtfAsync: Cannot bind to the target method because its signature is not compatible with that of the delegate type.
[03:29:32.727] [Server] [PacketDispatcher] Failed to bind handler for MsgGameTakeUpObjectReq on CapsuleAndInteractionHandlers.HandleTakeUpObjectReqAsync: Cannot bind to the target method because its signature is not compatible with that of the delegate type.
[03:29:32.728] [Server] [PacketDispatcher] Failed to bind handler for MsgGameTakeDownObjectReq on CapsuleAndInteractionHandlers.HandleTakeDownObjectReqAsync: Cannot bind to the target method because its signature is not compatible with that of the delegate type.
[03:29:32.729] [Server] [PacketDispatcher] Failed to bind handler for MsgGamePushObjectReq on CapsuleAndInteractionHandlers.HandlePushObjectReqAsync: Cannot bind to the target method because its signature is not compatible with that of the delegate type.
[03:29:32.733] [Server] [PacketDispatcher] Failed to bind handler for MsgGameSpecialPhoneCallReq on CapsuleAndInteractionHandlers.HandleSpecialPhoneCallReqAsync: Cannot bind to the target method because its signature is not compatible with that of the delegate type.
[03:29:32.745] [Server] [System] 'Yogurting Online English Revival' is ONLINE on all ports (Login: 10000, Field: 10002, Episode: 10003, Comm: 10004)!
[03:29:32.746] [Server] [System] Type 'help' for available server commands.

